ld.lld: /lib/x86_64-linux-gnu/libxml2.so.2: no version information available (required by ld.lld)
ld.lld: /lib/x86_64-linux-gnu/libxml2.so.2: no version information available (required by ld.lld)
/home/uzbforce/workspace/neutron-clang/bin/ld.lld: /lib/x86_64-linux-gnu/libxml2.so.2: no version information available (required by /home/uzbforce/workspace/neutron-clang/bin/ld.lld)
/home/uzbforce/workspace/neutron-clang/bin/ld.lld: /lib/x86_64-linux-gnu/libxml2.so.2: no version information available (required by /home/uzbforce/workspace/neutron-clang/bin/ld.lld)
/home/uzbforce/workspace/neutron-clang/bin/ld.lld: /lib/x86_64-linux-gnu/libxml2.so.2: no version information available (required by /home/uzbforce/workspace/neutron-clang/bin/ld.lld)
/home/uzbforce/workspace/neutron-clang/bin/ld.lld: /lib/x86_64-linux-gnu/libxml2.so.2: no version information available (required by /home/uzbforce/workspace/neutron-clang/bin/ld.lld)
/home/uzbforce/workspace/neutron-clang/bin/ld.lld: /lib/x86_64-linux-gnu/libxml2.so.2: no version information available (required by /home/uzbforce/workspace/neutron-clang/bin/ld.lld)
/home/uzbforce/workspace/neutron-clang/bin/ld.lld: /lib/x86_64-linux-gnu/libxml2.so.2: no version information available (required by /home/uzbforce/workspace/neutron-clang/bin/ld.lld)
/home/uzbforce/workspace/neutron-clang/bin/ld.lld: /lib/x86_64-linux-gnu/libxml2.so.2: no version information available (required by /home/uzbforce/workspace/neutron-clang/bin/ld.lld)
/home/uzbforce/workspace/neutron-clang/bin/ld.lld: /lib/x86_64-linux-gnu/libxml2.so.2: no version information available (required by /home/uzbforce/workspace/neutron-clang/bin/ld.lld)
clang: warning: argument unused during compilation: '-fuse-ld=lld' [-Wunused-command-line-argument]
/home/uzbforce/workspace/neutron-clang/bin/ld.lld: /lib/x86_64-linux-gnu/libxml2.so.2: no version information available (required by /home/uzbforce/workspace/neutron-clang/bin/ld.lld)
/home/uzbforce/workspace/neutron-clang/bin/ld.lld: /lib/x86_64-linux-gnu/libxml2.so.2: no version information available (required by /home/uzbforce/workspace/neutron-clang/bin/ld.lld)
clang: warning: argument unused during compilation: '-fuse-ld=lld' [-Wunused-command-line-argument]
clang: warning: argument unused during compilation: '-fuse-ld=lld' [-Wunused-command-line-argument]
/home/uzbforce/workspace/neutron-clang/bin/ld.lld: /lib/x86_64-linux-gnu/libxml2.so.2: no version information available (required by /home/uzbforce/workspace/neutron-clang/bin/ld.lld)
/home/uzbforce/workspace/neutron-clang/bin/ld.lld: /lib/x86_64-linux-gnu/libxml2.so.2: no version information available (required by /home/uzbforce/workspace/neutron-clang/bin/ld.lld)
/home/uzbforce/workspace/neutron-clang/bin/ld.lld: /lib/x86_64-linux-gnu/libxml2.so.2: no version information available (required by /home/uzbforce/workspace/neutron-clang/bin/ld.lld)
/home/uzbforce/workspace/neutron-clang/bin/ld.lld: /lib/x86_64-linux-gnu/libxml2.so.2: no version information available (required by /home/uzbforce/workspace/neutron-clang/bin/ld.lld)
/home/uzbforce/workspace/neutron-clang/bin/ld.lld: /lib/x86_64-linux-gnu/libxml2.so.2: no version information available (required by /home/uzbforce/workspace/neutron-clang/bin/ld.lld)
/home/uzbforce/workspace/neutron-clang/bin/ld.lld: /lib/x86_64-linux-gnu/libxml2.so.2: no version information available (required by /home/uzbforce/workspace/neutron-clang/bin/ld.lld)
/home/uzbforce/workspace/neutron-clang/bin/ld.lld: /lib/x86_64-linux-gnu/libxml2.so.2: no version information available (required by /home/uzbforce/workspace/neutron-clang/bin/ld.lld)
/home/uzbforce/workspace/neutron-clang/bin/ld.lld: /lib/x86_64-linux-gnu/libxml2.so.2: no version information available (required by /home/uzbforce/workspace/neutron-clang/bin/ld.lld)
/home/uzbforce/workspace/neutron-clang/bin/ld.lld: /lib/x86_64-linux-gnu/libxml2.so.2: no version information available (required by /home/uzbforce/workspace/neutron-clang/bin/ld.lld)
/home/uzbforce/workspace/neutron-clang/bin/ld.lld: /lib/x86_64-linux-gnu/libxml2.so.2: no version information available (required by /home/uzbforce/workspace/neutron-clang/bin/ld.lld)
/home/uzbforce/workspace/neutron-clang/bin/ld.lld: /lib/x86_64-linux-gnu/libxml2.so.2: no version information available (required by /home/uzbforce/workspace/neutron-clang/bin/ld.lld)
/home/uzbforce/workspace/neutron-clang/bin/ld.lld: /lib/x86_64-linux-gnu/libxml2.so.2: no version information available (required by /home/uzbforce/workspace/neutron-clang/bin/ld.lld)
ld.lld: /lib/x86_64-linux-gnu/libxml2.so.2: no version information available (required by ld.lld)
ld.lld: /lib/x86_64-linux-gnu/libxml2.so.2: no version information available (required by ld.lld)
ld.lld: /lib/x86_64-linux-gnu/libxml2.so.2: no version information available (required by ld.lld)
ld.lld: /lib/x86_64-linux-gnu/libxml2.so.2: no version information available (required by ld.lld)
/home/uzbforce/workspace/neutron-clang/bin/ld.lld: /lib/x86_64-linux-gnu/libxml2.so.2: no version information available (required by /home/uzbforce/workspace/neutron-clang/bin/ld.lld)
/home/uzbforce/workspace/neutron-clang/bin/ld.lld: /lib/x86_64-linux-gnu/libxml2.so.2: no version information available (required by /home/uzbforce/workspace/neutron-clang/bin/ld.lld)
../drivers/battery_v2/sec_battery.c:330:15: warning: unused variable 'temp' [-Wunused-variable]
  330 |         unsigned int temp = battery->misc_event;
      |                      ^~~~
../drivers/battery_v2/sec_battery.c:378:15: warning: unused variable 'temp' [-Wunused-variable]
  378 |         unsigned int temp = battery->current_event;
      |                      ^~~~
2 warnings generated.
../drivers/battery_v2/max77705_fuelgauge.c:1401:6: warning: unused variable 'raw_capacity' [-Wunused-variable]
 1401 |         int raw_capacity = val->intval;
      |             ^~~~~~~~~~~~
1 warning generated.
../drivers/battery_v2/pca9468_charger.c:202:6: warning: unused variable 'ta_vol' [-Wunused-variable]
  202 |         int ta_vol = pca9468->ta_vol / PCA9468_SEC_DENOM_U_M;
      |             ^~~~~~
../drivers/battery_v2/pca9468_charger.c:203:6: warning: unused variable 'ta_cur' [-Wunused-variable]
  203 |         int ta_cur = pca9468->ta_cur / PCA9468_SEC_DENOM_U_M;
      |             ^~~~~~
../drivers/battery_v2/pca9468_charger.c:3318:6: warning: unused variable 'ret' [-Wunused-variable]
 3318 |         int ret = 0;
      |             ^~~
3 warnings generated.
ld.lld: /lib/x86_64-linux-gnu/libxml2.so.2: no version information available (required by ld.lld)
ld.lld: /lib/x86_64-linux-gnu/libxml2.so.2: no version information available (required by ld.lld)
../drivers/ccic/max77705_alternate.c:160:13: warning: unused variable 'VDM_MSG_IRQ_State_Print' [-Wunused-variable]
  160 | static char VDM_MSG_IRQ_State_Print[9][40] = {
      |             ^~~~~~~~~~~~~~~~~~~~~~~
../drivers/ccic/max77705_alternate.c:171:13: warning: unused variable 'DP_Pin_Assignment_Print' [-Wunused-variable]
  171 | static char DP_Pin_Assignment_Print[7][40] = {
      |             ^~~~~~~~~~~~~~~~~~~~~~~
2 warnings generated.
/home/uzbforce/workspace/neutron-clang/bin/ld.lld: /lib/x86_64-linux-gnu/libxml2.so.2: no version information available (required by /home/uzbforce/workspace/neutron-clang/bin/ld.lld)
/home/uzbforce/workspace/neutron-clang/bin/ld.lld: /lib/x86_64-linux-gnu/libxml2.so.2: no version information available (required by /home/uzbforce/workspace/neutron-clang/bin/ld.lld)
../drivers/char/diag/diagmem.c:184:11: warning: cast to smaller integer type 'int' from 'void *' [-Wvoid-pointer-to-int-cast]
  184 |                         size > (int)mempool->pool->pool_data) {
      |                                ^~~~~~~~~~~~~~~~~~~~~~~~~~~~~
1 warning generated.
../drivers/fingerprint/et7xx-spi.c:666:7: warning: unused variable 'retry_cnt' [-Wunused-variable]
  666 |                         u8 retry_cnt = 0;
      |                            ^~~~~~~~~
../drivers/fingerprint/et7xx-spi.c:1286:1: warning: unused label 'etspi_sysfs_failed' [-Wunused-label]
 1286 | etspi_sysfs_failed:
      | ^~~~~~~~~~~~~~~~~~~
2 warnings generated.
lib/nmi_backtrace.o: no symbols
ld.lld: /lib/x86_64-linux-gnu/libxml2.so.2: no version information available (required by ld.lld)
ld.lld: /lib/x86_64-linux-gnu/libxml2.so.2: no version information available (required by ld.lld)
../drivers/input/sec_cmd.c:350:18: warning: unused variable 'sec_cmd_ptr' [-Wunused-variable]
  350 |         struct sec_cmd *sec_cmd_ptr = NULL;
      |                         ^~~~~~~~~~~
1 warning generated.
../drivers/input/touchscreen/melfas/mss100/melfas_mss100.c:1047:21: warning: unused variable 'client' [-Wunused-variable]
 1047 |         struct i2c_client *client = info->client;
      |                            ^~~~~~
1 warning generated.
../drivers/input/touchscreen/imagis/ist40xx/ist40xx_update.c:842:12: warning: unused variable 'tsp' [-Wunused-variable]
  842 |         TSP_INFO *tsp = &data->tsp_info;
      |                   ^~~
../drivers/input/touchscreen/imagis/ist40xx/ist40xx_update.c:887:6: warning: unused variable 'main_ver' [-Wunused-variable]
  887 |         u32 main_ver = ist40xx_parse_ver(data, FLAG_MAIN, buf);
      |             ^~~~~~~~
../drivers/input/touchscreen/imagis/ist40xx/ist40xx_update.c:888:6: warning: unused variable 'fw_ver' [-Wunused-variable]
  888 |         u32 fw_ver = ist40xx_parse_ver(data, FLAG_FW, buf);
      |             ^~~~~~
../drivers/input/touchscreen/imagis/ist40xx/ist40xx_update.c:889:6: warning: unused variable 'test_ver' [-Wunused-variable]
  889 |         u32 test_ver = ist40xx_parse_ver(data, FLAG_TEST, buf);
      |             ^~~~~~~~
../drivers/input/touchscreen/imagis/ist40xx/ist40xx_sec.c:86:23: warning: unused variable 'data' [-Wunused-variable]
   86 |         struct ist40xx_data *data = container_of(sec, struct ist40xx_data, sec);
      |                              ^~~~
../drivers/input/touchscreen/imagis/ist40xx/ist40xx_sec.c:104:23: warning: unused variable 'data' [-Wunused-variable]
  104 |         struct ist40xx_data *data = container_of(sec, struct ist40xx_data, sec);
      |                              ^~~~
../drivers/input/touchscreen/imagis/ist40xx/ist40xx_sec.c:125:23: warning: unused variable 'data' [-Wunused-variable]
  125 |         struct ist40xx_data *data = container_of(sec, struct ist40xx_data, sec);
      |                              ^~~~
4 warnings generated.
../drivers/input/touchscreen/imagis/ist40xx/ist40xx_sec.c:339:23: warning: unused variable 'data' [-Wunused-variable]
  339 |         struct ist40xx_data *data = container_of(sec, struct ist40xx_data, sec);
      |                              ^~~~
../drivers/input/touchscreen/imagis/ist40xx/ist40xx_sec.c:614:23: warning: unused variable 'data' [-Wunused-variable]
  614 |         struct ist40xx_data *data = container_of(sec, struct ist40xx_data, sec);
      |                              ^~~~
../drivers/input/touchscreen/imagis/ist40xx/ist40xx_sec.c:5276:23: warning: unused variable 'data' [-Wunused-variable]
 5276 |         struct ist40xx_data *data = container_of(sec, struct ist40xx_data, sec);
      |                              ^~~~
../drivers/input/touchscreen/imagis/ist40xx/ist40xx_sec.c:5453:23: warning: unused variable 'data' [-Wunused-variable]
 5453 |         struct ist40xx_data *data = container_of(sec, struct ist40xx_data, sec);
      |                              ^~~~
../drivers/input/touchscreen/imagis/ist40xx/ist40xx_sec.c:5495:23: warning: unused variable 'data' [-Wunused-variable]
 5495 |         struct ist40xx_data *data = container_of(sec, struct ist40xx_data, sec);
      |                              ^~~~
../drivers/input/touchscreen/melfas/mss100/melfas_mss100_mod.c:23:21: warning: unused variable 'client' [-Wunused-variable]
   23 |         struct i2c_client *client = info->client;
      |                            ^~~~~~
../drivers/input/touchscreen/melfas/mss100/melfas_mss100_mod.c:270:21: warning: unused variable 'client' [-Wunused-variable]
  270 |         struct i2c_client *client = info->client;
      |                            ^~~~~~
2 warnings generated.
../drivers/input/touchscreen/melfas/mss100/melfas_mss100_test.c:1262:21: warning: unused variable 'client' [-Wunused-variable]
 1262 |         struct i2c_client *client = info->client;
      |                            ^~~~~~
../drivers/input/touchscreen/melfas/mss100/melfas_mss100_test.c:1287:21: warning: unused variable 'client' [-Wunused-variable]
 1287 |         struct i2c_client *client = info->client;
      |                            ^~~~~~
../drivers/input/touchscreen/melfas/mss100/melfas_mss100_test.c:1311:21: warning: unused variable 'client' [-Wunused-variable]
 1311 |         struct i2c_client *client = info->client;
      |                            ^~~~~~
../drivers/input/touchscreen/melfas/mss100/melfas_mss100_test.c:1335:21: warning: unused variable 'client' [-Wunused-variable]
 1335 |         struct i2c_client *client = info->client;
      |                            ^~~~~~
../drivers/input/touchscreen/melfas/mss100/melfas_mss100_test.c:1360:21: warning: unused variable 'client' [-Wunused-variable]
 1360 |         struct i2c_client *client = info->client;
      |                            ^~~~~~
../drivers/input/touchscreen/melfas/mss100/melfas_mss100_test.c:1384:21: warning: unused variable 'client' [-Wunused-variable]
 1384 |         struct i2c_client *client = info->client;
      |                            ^~~~~~
../drivers/input/touchscreen/melfas/mss100/melfas_mss100_test.c:1408:21: warning: unused variable 'client' [-Wunused-variable]
 1408 |         struct i2c_client *client = info->client;
      |                            ^~~~~~
7 warnings generated.
8 warnings generated.
../drivers/input/touchscreen/melfas/mss100/melfas_mss100_cmd.c:349:22: warning: unused variable 'info' [-Wunused-variable]
  349 |         struct mms_ts_info *info = container_of(sec, struct mms_ts_info, sec);
      |                             ^~~~
../drivers/input/touchscreen/melfas/mss100/melfas_mss100_cmd.c:407:22: warning: unused variable 'info' [-Wunused-variable]
  407 |         struct mms_ts_info *info = container_of(sec, struct mms_ts_info, sec);
      |                             ^~~~
../drivers/input/touchscreen/melfas/mss100/melfas_mss100_cmd.c:2159:22: warning: unused variable 'info' [-Wunused-variable]
 2159 |         struct mms_ts_info *info = container_of(sec, struct mms_ts_info, sec);
      |                             ^~~~
3 warnings generated.
../drivers/gpu/msm/adreno_a6xx.c:1904:13: warning: unused function 'adreno_gx_regread' [-Wunused-function]
 1904 | static void adreno_gx_regread(struct kgsl_device *device,
      |             ^~~~~~~~~~~~~~~~~
../drivers/gpu/msm/adreno_a6xx.c:1913:13: warning: unused function 'adreno_gx_regwrite' [-Wunused-function]
 1913 | static void adreno_gx_regwrite(struct kgsl_device *device,
      |             ^~~~~~~~~~~~~~~~~~
2 warnings generated.
../drivers/media/platform/msm/camera/cam_fd/fd_hw_mgr/cam_fd_hw_mgr.c:432:39: warning: unused variable 'clk_req' [-Wunused-variable]
  432 |                 struct cam_fd_soc_clock_bw_request *clk_req =
      |                                                     ^~~~~~~
1 warning generated.
../drivers/muic/max77705-muic.c:1900:19: warning: unused variable 'desc' [-Wunused-variable]
 1900 |         struct irq_desc *desc = irq_to_desc(irq);
      |                          ^~~~
../drivers/muic/max77705-muic.c:2237:9: warning: 'FREE_IRQ' macro redefined [-Wmacro-redefined]
 2237 | #define FREE_IRQ(_irq, _dev_id, _name)                                  \
      |         ^
../include/linux/muic/muic.h:427:9: note: previous definition is here
  427 | #define FREE_IRQ(_irq, _dev_id, _name)                                  \
      |         ^
2 warnings generated.
../drivers/media/platform/msm/camera/cam_icp/icp_hw/icp_hw_mgr/cam_icp_hw_mgr.c:4562:20: warning: unused function 'cam_icp_dev_type_to_name' [-Wunused-function]
 4562 | static const char *cam_icp_dev_type_to_name(
      |                    ^~~~~~~~~~~~~~~~~~~~~~~~
1 warning generated.
../drivers/media/platform/msm/camera/cam_isp/cam_isp_context.c:571:22: warning: unused variable 'ctx' [-Wunused-variable]
  571 |         struct cam_context *ctx = ctx_isp->base;
      |                             ^~~
../drivers/media/platform/msm/camera/cam_isp/cam_isp_context.c:1825:26: warning: unused variable 'ctx_isp' [-Wunused-variable]
 1825 |         struct cam_isp_context *ctx_isp =
      |                                 ^~~~~~~
../drivers/media/platform/msm/camera/cam_isp/cam_isp_context.c:1841:26: warning: unused variable 'ctx_isp' [-Wunused-variable]
 1841 |         struct cam_isp_context *ctx_isp =
      |                                 ^~~~~~~
../drivers/media/platform/msm/camera/cam_isp/cam_isp_context.c:1857:26: warning: unused variable 'ctx_isp' [-Wunused-variable]
 1857 |         struct cam_isp_context *ctx_isp =
      |                                 ^~~~~~~
../drivers/media/platform/msm/camera/cam_isp/cam_isp_context.c:2476:26: warning: unused variable 'ctx_isp' [-Wunused-variable]
 2476 |         struct cam_isp_context *ctx_isp =
      |                                 ^~~~~~~
../drivers/media/platform/msm/camera/cam_isp/cam_isp_context.c:60:20: warning: unused function '__cam_isp_ctx_substate_val_to_type' [-Wunused-function]
   60 | static const char *__cam_isp_ctx_substate_val_to_type(
      |                    ^~~~~~~~~~~~~~~~~~~~~~~~~~~~~~~~~~
../drivers/media/platform/msm/camera/cam_isp/cam_isp_context.c:81:20: warning: unused function '__cam_isp_hw_evt_val_to_type' [-Wunused-function]
   81 | static const char *__cam_isp_hw_evt_val_to_type(
      |                    ^~~~~~~~~~~~~~~~~~~~~~~~~~~~
../drivers/media/platform/msm/camera/cam_isp/cam_isp_context.c:289:20: warning: unused function '__cam_isp_resource_handle_id_to_type' [-Wunused-function]
  289 | static const char *__cam_isp_resource_handle_id_to_type(
      |                    ^~~~~~~~~~~~~~~~~~~~~~~~~~~~~~~~~~~~
8 warnings generated.
../drivers/media/platform/msm/camera/cam_isp/isp_hw_mgr/isp_hw/vfe_hw/vfe_top/cam_vfe_fe_ver1.c:399:20: warning: cast to smaller integer type 'uint32_t' (aka 'unsigned int') from 'uint32_t *' (aka 'unsigned int *') [-Wpointer-to-int-cast]
  399 |         cam_cpas_reg_read((uint32_t)soc_private->cpas_handle,
      |                           ^~~~~~~~~~~~~~~~~~~~~~~~~~~~~~~~~~
../drivers/media/platform/msm/camera/cam_isp/isp_hw_mgr/isp_hw/vfe_hw/vfe_top/cam_vfe_fe_ver1.c:403:20: warning: cast to smaller integer type 'uint32_t' (aka 'unsigned int') from 'uint32_t *' (aka 'unsigned int *') [-Wpointer-to-int-cast]
  403 |         cam_cpas_reg_read((uint32_t)soc_private->cpas_handle,
      |                           ^~~~~~~~~~~~~~~~~~~~~~~~~~~~~~~~~~
2 warnings generated.
../drivers/media/platform/msm/camera/cam_req_mgr/cam_req_mgr_core.c:2115:20: warning: unused function '__cam_req_mgr_dev_handle_to_name' [-Wunused-function]
 2115 | static const char *__cam_req_mgr_dev_handle_to_name(
      |                    ^~~~~~~~~~~~~~~~~~~~~~~~~~~~~~~~
1 warning generated.
../drivers/power/supply/qcom/smb1390-charger-psy.c:2100:18: warning: cast to smaller integer type 'int' from 'const void *' [-Wvoid-pointer-to-int-cast]
 2100 |         chip->cp_role = (int)of_device_get_match_data(chip->dev);
      |                         ^~~~~~~~~~~~~~~~~~~~~~~~~~~~~~~~~~~~~~~~
1 warning generated.
../drivers/pci/host/pci-msm.c:6285:25: warning: unused variable 'pcie_dev' [-Wunused-variable]
 6285 |         struct msm_pcie_dev_t *pcie_dev = (struct msm_pcie_dev_t *)dev;
      |                                ^~~~~~~~
../drivers/pci/host/pci-msm.c:6307:25: warning: unused variable 'pcie_dev' [-Wunused-variable]
 6307 |         struct msm_pcie_dev_t *pcie_dev = (struct msm_pcie_dev_t *)dev;
      |                                ^~~~~~~~
../drivers/pci/host/pci-msm.c:6458:6: warning: unused variable 'bus_num' [-Wunused-variable]
 6458 |         u32 bus_num = pdev->bus->number;
      |             ^~~~~~~
../drivers/pci/host/pci-msm.c:8152:25: warning: unused variable 'pcie_dev' [-Wunused-variable]
 8152 |         struct msm_pcie_dev_t *pcie_dev = PCIE_BUS_PRIV_DATA(dev->bus);
      |                                ^~~~~~~~
../drivers/pci/host/pci-msm.c:1129:12: warning: unused function 'pcie_get_target_linkspeed' [-Wunused-function]
 1129 | static u32 pcie_get_target_linkspeed(u32 rc_idx, u32 bus)
      |            ^~~~~~~~~~~~~~~~~~~~~~~~~
../drivers/pci/host/pci-msm.c:1148:12: warning: unused function 'pcie_get_max_linkspeed' [-Wunused-function]
 1148 | static u32 pcie_get_max_linkspeed(u32 rc_idx, u32 bus)
      |            ^~~~~~~~~~~~~~~~~~~~~~
6 warnings generated.
../drivers/regulator/s2dos05.c:945:7: warning: unused variable 'ret' [-Wunused-variable]
  945 |                 int ret = s2dos05_update_reg(s2dos05->i2c, S2DOS05_REG_PWRMT_CTRL2,
      |                     ^~~
1 warning generated.
../drivers/staging/android/ion/ion.c:1309:17: warning: comparison of different enumeration types ('enum ion_heap_type' and 'enum msm_ion_heap_types') [-Wenum-compare]
 1309 |             heap->type != ION_HEAP_TYPE_SECURE_DMA &&
      |             ~~~~~~~~~~ ^  ~~~~~~~~~~~~~~~~~~~~~~~~
../drivers/staging/android/ion/ion.c:1310:17: warning: comparison of different enumeration types ('enum ion_heap_type' and 'enum msm_ion_heap_types') [-Wenum-compare]
 1310 |             heap->type != ION_HEAP_TYPE_HYP_CMA &&
      |             ~~~~~~~~~~ ^  ~~~~~~~~~~~~~~~~~~~~~
../drivers/staging/android/ion/ion.c:1311:17: warning: comparison of different enumeration types ('enum ion_heap_type' and 'enum msm_ion_heap_types') [-Wenum-compare]
 1311 |             heap->type != ION_HEAP_TYPE_SECURE_CARVEOUT)
      |             ~~~~~~~~~~ ^  ~~~~~~~~~~~~~~~~~~~~~~~~~~~~~
3 warnings generated.
../drivers/staging/android/ion/ion_system_heap.c:625:13: warning: unused function 'show_ion_system_heap_pool_size' [-Wunused-function]
  625 | static void show_ion_system_heap_pool_size(struct seq_file *s)
      |             ^~~~~~~~~~~~~~~~~~~~~~~~~~~~~~
1 warning generated.
../drivers/platform/msm/ipa/ipa_v3/rmnet_ipa.c:505:41: warning: implicit conversion from enumeration type 'enum ipa_ip_type_enum_v01' to different enumeration type 'enum ipa_ip_type' [-Wenum-conversion]
  505 |         q6_ul_flt_rule_ptr->ip = flt_spec_ptr->ip_type;
      |                                ~ ~~~~~~~~~~~~~~^~~~~~~
../drivers/platform/msm/ipa/ipa_v3/rmnet_ipa.c:506:45: warning: implicit conversion from enumeration type 'enum ipa_filter_action_enum_v01' to different enumeration type 'enum ipa_flt_action' [-Wenum-conversion]
  506 |         q6_ul_flt_rule_ptr->action = flt_spec_ptr->filter_action;
      |                                    ~ ~~~~~~~~~~~~~~^~~~~~~~~~~~~
2 warnings generated.
../drivers/soc/qcom/msm_bus/msm_bus_fabric_rpmh.c:1783:36: warning: unused variable 'bdev' [-Wunused-variable]
 1783 |                 struct msm_bus_node_device_type *bdev =
      |                                                  ^~~~
1 warning generated.
../drivers/soc/qcom/msm_bus/msm_bus_arb_rpmh.c:1085:36: warning: unused variable 'busdev' [-Wunused-variable]
 1085 |                 struct msm_bus_node_device_type *busdev =
      |                                                  ^~~~~~
1 warning generated.
../drivers/gpu/drm/msm/msm_gem.c:1313:1: warning: unused label 'fail' [-Wunused-label]
 1313 | fail:
      | ^~~~~
1 warning generated.
ld.lld: /lib/x86_64-linux-gnu/libxml2.so.2: no version information available (required by ld.lld)
ld.lld: /lib/x86_64-linux-gnu/libxml2.so.2: no version information available (required by ld.lld)
ld.lld: /lib/x86_64-linux-gnu/libxml2.so.2: no version information available (required by ld.lld)
ld.lld: /lib/x86_64-linux-gnu/libxml2.so.2: no version information available (required by ld.lld)
ld.lld: /lib/x86_64-linux-gnu/libxml2.so.2: no version information available (required by ld.lld)
ld.lld: /lib/x86_64-linux-gnu/libxml2.so.2: no version information available (required by ld.lld)
ld.lld: error: undefined symbol: ksu_handle_execveat
>>> referenced by ld-temp.o
>>>               vmlinux.o:(kernel_init)
>>> referenced by ld-temp.o
>>>               vmlinux.o:(kernel_init)
>>> referenced by ld-temp.o
>>>               vmlinux.o:(kernel_init)
>>> referenced 6 more times

ld.lld: error: undefined symbol: ksu_handle_sys_reboot
>>> referenced by ld-temp.o
>>>               vmlinux.o:(sys_reboot)

ld.lld: error: undefined symbol: ksu_handle_faccessat
>>> referenced by ld-temp.o
>>>               vmlinux.o:(sys_faccessat)

ld.lld: error: undefined symbol: ksu_handle_stat
>>> referenced by ld-temp.o
>>>               vmlinux.o:(sys_newfstatat)
make[1]: *** [/home/uzbforce/workspace/kernel_raiden_samsung_r3q_ksu-3.2.0-nosusfs-raiden-sukisuultra-test/Makefile:1264: vmlinux] Error 1
make: *** [Makefile:153: sub-make] Error 2
