ld.lld: /lib/x86_64-linux-gnu/libxml2.so.2: no version information available (required by ld.lld)
ld.lld: /lib/x86_64-linux-gnu/libxml2.so.2: no version information available (required by ld.lld)
ld.lld: /lib/x86_64-linux-gnu/libxml2.so.2: no version information available (required by ld.lld)
ld.lld: /lib/x86_64-linux-gnu/libxml2.so.2: no version information available (required by ld.lld)
ld.lld: /lib/x86_64-linux-gnu/libxml2.so.2: no version information available (required by ld.lld)
ld.lld: /lib/x86_64-linux-gnu/libxml2.so.2: no version information available (required by ld.lld)
In file included from ../drivers/kernelsu/ksu.c:87:
../drivers/kernelsu/runtime/ksud.c:54:5: error: implicit declaration of function 'ksu_selinux_hide_handle_post_fs_data' [-Werror,-Wimplicit-function-declaration]
   54 |     ksu_selinux_hide_handle_post_fs_data();
      |     ^
../drivers/kernelsu/runtime/ksud.c:271:13: error: implicit declaration of function 'ksu_selinux_hide_handle_second_stage' [-Werror,-Wimplicit-function-declaration]
  271 |             ksu_selinux_hide_handle_second_stage();
      |             ^
In file included from ../drivers/kernelsu/ksu.c:89:
../drivers/kernelsu/sulog/event.c:379:73: error: passing 'struct user_arg_ptr *' to parameter of incompatible type 'struct user_arg_ptr'; dereference with *
  379 |     pending = ksu_sulog_capture(KSU_SULOG_EVENT_IOCTL_GRANT_ROOT, NULL, USER_ARG_NULL, gfp);
      |                                                                         ^~~~~~~~~~~~~
      |                                                                         *
../drivers/kernelsu/sulog/event.c:377:27: note: expanded from macro 'USER_ARG_NULL'
  377 |     #define USER_ARG_NULL user_arg_null_ptr()
      |                           ^~~~~~~~~~~~~~~~~~~
../drivers/kernelsu/sulog/event.c:290:84: note: passing argument to parameter 'argv' here
  290 |                                                          const struct user_arg_ptr argv, gfp_t gfp)
      |                                                                                    ^
3 errors generated.
make[3]: *** [../scripts/Makefile.build:365: drivers/kernelsu/ksu.o] Error 1
make[2]: *** [../scripts/Makefile.build:679: drivers/kernelsu] Error 2
make[2]: *** Waiting for unfinished jobs....
make[1]: *** [/home/uzbforce/workspace/kernel_raiden_samsung_r3q_ksu-3.2.0-nosusfs-raiden-sukisuultra-test/Makefile:1283: drivers] Error 2
make: *** [Makefile:153: sub-make] Error 2
